// Jest Snapshot v1, https://goo.gl/fbAQLP

exports[`Pruebas en <GifItem /> debe hacer match con el snapshot 1`] = `
<div>
  <div
    class="card"
  >
    <img
      alt="Goku"
      src="https://app.netlify.com/teams/luismc1615/overview"
    />
    <p>
      Goku
    </p>
  </div>
</div>
`;
